#
# There is insufficient memory for the Java Runtime Environment to continue.
# Native memory allocation (malloc) failed to allocate 902576 bytes for Chunk::new
# Possible reasons:
#   The system is out of physical RAM or swap space
#   The process is running with CompressedOops enabled, and the Java Heap may be blocking the growth of the native heap
# Possible solutions:
#   Reduce memory load on the system
#   Increase physical memory or swap space
#   Check if swap backing store is full
#   Decrease Java heap size (-Xmx/-Xms)
#   Decrease number of Java threads
#   Decrease Java thread stack sizes (-Xss)
#   Set larger code cache with -XX:ReservedCodeCacheSize=
#   JVM is running with Unscaled Compressed Oops mode in which the Java heap is
#     placed in the first 4GB address space. The Java Heap base address is the
#     maximum limit for the native heap growth. Please use -XX:HeapBaseMinAddress
#     to set the Java Heap base and to place the Java Heap above 4GB virtual address.
# This output file may be truncated or incomplete.
#
#  Out of Memory Error (arena.cpp:189), pid=32064, tid=5832
#
# JRE version: Java(TM) SE Runtime Environment (17.0.12+8) (build 17.0.12+8-LTS-286)
# Java VM: Java HotSpot(TM) 64-Bit Server VM (17.0.12+8-LTS-286, mixed mode, sharing, tiered, compressed oops, compressed class ptrs, g1 gc, windows-amd64)
# No core dump will be written. Minidumps are not enabled by default on client versions of Windows
#

---------------  S U M M A R Y ------------

Command Line: -javaagent:C:\Program Files\JetBrains\IntelliJ IDEA 2025.2.4\lib\idea_rt.jar=52388 -Dfile.encoding=UTF-8 com.fit.microservices.produc.ProductServiceApplication

Host: 12th Gen Intel(R) Core(TM) i5-1235U, 12 cores, 7G,  Windows 11 , 64 bit Build 26100 (10.0.26100.7623)
Time: Thu Jan 22 13:54:41 2026 SE Asia Standard Time elapsed time: 17.799575 seconds (0d 0h 0m 17s)

---------------  T H R E A D  ---------------

Current thread (0x0000026ff81db430):  JavaThread "C2 CompilerThread1" daemon [_thread_in_native, id=5832, stack(0x000000915ae00000,0x000000915af00000)]


Current CompileTask:
C2:  17800 3910       4       org.springframework.beans.factory.support.AbstractBeanFactory::isTypeMatch (745 bytes)

Stack: [0x000000915ae00000,0x000000915af00000]
Native frames: (J=compiled Java code, j=interpreted, Vv=VM code, C=native code)
V  [jvm.dll+0x67a04a]
V  [jvm.dll+0x7da4ed]
V  [jvm.dll+0x7dbe33]
V  [jvm.dll+0x7dc4a3]
V  [jvm.dll+0x24508f]
V  [jvm.dll+0xab773]
V  [jvm.dll+0xabd3c]
V  [jvm.dll+0x2aa52f]
V  [jvm.dll+0x581eb9]
V  [jvm.dll+0x21f422]
V  [jvm.dll+0x21811b]
V  [jvm.dll+0x215b65]
V  [jvm.dll+0x1a2960]
V  [jvm.dll+0x22610b]
V  [jvm.dll+0x2242ab]
V  [jvm.dll+0x79075c]
V  [jvm.dll+0x78abea]
V  [jvm.dll+0x678f35]
C  [ucrtbase.dll+0x37b0]
C  [KERNEL32.DLL+0x2e8d7]
C  [ntdll.dll+0x8c53c]


---------------  P R O C E S S  ---------------

Threads class SMR info:
_java_thread_list=0x0000026ff9ef0710, length=14, elements={
0x0000026fd2a9c6c0, 0x0000026ff2c099c0, 0x0000026ff2c0a380, 0x0000026ff2c1d980,
0x0000026ff2c1e340, 0x0000026ff7000080, 0x0000026ff7000950, 0x0000026ff700ca60,
0x0000026ff7010440, 0x0000026ff705b4b0, 0x0000026ff2bb1bd0, 0x0000026ff72b9eb0,
0x0000026ff72baba0, 0x0000026ff81db430
}

Java Threads: ( => current thread )
  0x0000026fd2a9c6c0 JavaThread "main" [_thread_in_Java, id=35260, stack(0x0000009159200000,0x0000009159300000)]
  0x0000026ff2c099c0 JavaThread "Reference Handler" daemon [_thread_blocked, id=33848, stack(0x0000009159900000,0x0000009159a00000)]
  0x0000026ff2c0a380 JavaThread "Finalizer" daemon [_thread_blocked, id=31800, stack(0x0000009159a00000,0x0000009159b00000)]
  0x0000026ff2c1d980 JavaThread "Signal Dispatcher" daemon [_thread_blocked, id=17340, stack(0x0000009159b00000,0x0000009159c00000)]
  0x0000026ff2c1e340 JavaThread "Attach Listener" daemon [_thread_blocked, id=35712, stack(0x0000009159c00000,0x0000009159d00000)]
  0x0000026ff7000080 JavaThread "Service Thread" daemon [_thread_blocked, id=12916, stack(0x0000009159d00000,0x0000009159e00000)]
  0x0000026ff7000950 JavaThread "Monitor Deflation Thread" daemon [_thread_blocked, id=22688, stack(0x0000009159e00000,0x0000009159f00000)]
  0x0000026ff700ca60 JavaThread "C2 CompilerThread0" daemon [_thread_in_native, id=37512, stack(0x0000009159f00000,0x000000915a000000)]
  0x0000026ff7010440 JavaThread "C1 CompilerThread0" daemon [_thread_in_native, id=20796, stack(0x000000915a000000,0x000000915a100000)]
  0x0000026ff705b4b0 JavaThread "Sweeper thread" daemon [_thread_blocked, id=11272, stack(0x000000915a100000,0x000000915a200000)]
  0x0000026ff2bb1bd0 JavaThread "Common-Cleaner" daemon [_thread_blocked, id=20684, stack(0x000000915a200000,0x000000915a300000)]
  0x0000026ff72b9eb0 JavaThread "Monitor Ctrl-Break" daemon [_thread_in_native, id=12432, stack(0x000000915a300000,0x000000915a400000)]
  0x0000026ff72baba0 JavaThread "Notification Thread" daemon [_thread_blocked, id=37028, stack(0x000000915a400000,0x000000915a500000)]
=>0x0000026ff81db430 JavaThread "C2 CompilerThread1" daemon [_thread_in_native, id=5832, stack(0x000000915ae00000,0x000000915af00000)]

Other Threads:
  0x0000026ff2c04010 VMThread "VM Thread" [stack: 0x0000009159800000,0x0000009159900000] [id=14400]
  0x0000026fd2b22930 WatcherThread [stack: 0x000000915a500000,0x000000915a600000] [id=26244]
  0x0000026fd2af8a50 GCTaskThread "GC Thread#0" [stack: 0x0000009159300000,0x0000009159400000] [id=36492]
  0x0000026ff7b804c0 GCTaskThread "GC Thread#1" [stack: 0x000000915a600000,0x000000915a700000] [id=204]
  0x0000026ff7d91ad0 GCTaskThread "GC Thread#2" [stack: 0x000000915a700000,0x000000915a800000] [id=33972]
  0x0000026ff7d91d90 GCTaskThread "GC Thread#3" [stack: 0x000000915a800000,0x000000915a900000] [id=31676]
  0x0000026ff7ff3070 GCTaskThread "GC Thread#4" [stack: 0x000000915ab00000,0x000000915ac00000] [id=35624]
  0x0000026ff82ee5b0 GCTaskThread "GC Thread#5" [stack: 0x000000915ac00000,0x000000915ad00000] [id=12668]
  0x0000026ff89b8da0 GCTaskThread "GC Thread#6" [stack: 0x000000915ad00000,0x000000915ae00000] [id=25592]
  0x0000026ff83f9d40 GCTaskThread "GC Thread#7" [stack: 0x000000915af00000,0x000000915b000000] [id=28580]
  0x0000026ff7fcec10 GCTaskThread "GC Thread#8" [stack: 0x000000915b000000,0x000000915b100000] [id=21568]
  0x0000026ff9586190 GCTaskThread "GC Thread#9" [stack: 0x000000915b100000,0x000000915b200000] [id=33460]
  0x0000026fd2b0a3d0 ConcurrentGCThread "G1 Main Marker" [stack: 0x0000009159400000,0x0000009159500000] [id=6292]
  0x0000026fd2b0c250 ConcurrentGCThread "G1 Conc#0" [stack: 0x0000009159500000,0x0000009159600000] [id=17304]
  0x0000026ff9185090 ConcurrentGCThread "G1 Conc#1" [stack: 0x000000915b400000,0x000000915b500000] [id=37364]
  0x0000026ff9184b10 ConcurrentGCThread "G1 Conc#2" [stack: 0x000000915b500000,0x000000915b600000] [id=29520]
  0x0000026fd2b4dc50 ConcurrentGCThread "G1 Refine#0" [stack: 0x0000009159600000,0x0000009159700000] [id=10076]
  0x0000026ff7954090 ConcurrentGCThread "G1 Refine#1" [stack: 0x000000915a900000,0x000000915aa00000] [id=30620]
  0x0000026ff7954380 ConcurrentGCThread "G1 Refine#2" [stack: 0x000000915aa00000,0x000000915ab00000] [id=34668]
  0x0000026fd2b4e520 ConcurrentGCThread "G1 Service" [stack: 0x0000009159700000,0x0000009159800000] [id=36532]

Threads with active compile tasks:
C2 CompilerThread0    17851 3948       4       org.springframework.core.ResolvableType::resolveType (143 bytes)
C2 CompilerThread1    17852 3910       4       org.springframework.beans.factory.support.AbstractBeanFactory::isTypeMatch (745 bytes)

VM state: not at safepoint (normal execution)

VM Mutex/Monitor currently owned by a thread: None

Heap address: 0x0000000085200000, size: 1966 MB, Compressed Oops mode: 32-bit

CDS archive(s) mapped at: [0x0000026f80000000-0x0000026f80bd0000-0x0000026f80bd0000), size 12386304, SharedBaseAddress: 0x0000026f80000000, ArchiveRelocationMode: 1.
Compressed class space mapped at: 0x0000026f81000000-0x0000026fc1000000, reserved size: 1073741824
Narrow klass base: 0x0000026f80000000, Narrow klass shift: 0, Narrow klass range: 0x100000000

GC Precious Log:
 CPUs: 12 total, 12 available
 Memory: 7860M
 Large Page Support: Disabled
 NUMA Support: Disabled
 Compressed Oops: Enabled (32-bit)
 Heap Region Size: 1M
 Heap Min Capacity: 8M
 Heap Initial Capacity: 124M
 Heap Max Capacity: 1966M
 Pre-touch: Disabled
 Parallel Workers: 10
 Concurrent Workers: 3
 Concurrent Refinement Workers: 10
 Periodic GC: Disabled

Heap:
 garbage-first heap   total 81920K, used 52225K [0x0000000085200000, 0x0000000100000000)
  region size 1024K, 34 young (34816K), 7 survivors (7168K)
 Metaspace       used 29126K, committed 29504K, reserved 1114112K
  class space    used 3673K, committed 3840K, reserved 1048576K

Heap Regions: E=young(eden), S=young(survivor), O=old, HS=humongous(starts), HC=humongous(continues), CS=collection set, F=free, OA=open archive, CA=closed archive, TAMS=top-at-mark-start (previous, next)
|   0|0x0000000085200000, 0x0000000085300000, 0x0000000085300000|100%|HS|  |TAMS 0x0000000085300000, 0x0000000085200000| Complete 
|   1|0x0000000085300000, 0x0000000085400000, 0x0000000085400000|100%|HS|  |TAMS 0x0000000085400000, 0x0000000085300000| Complete 
|   2|0x0000000085400000, 0x0000000085500000, 0x0000000085500000|100%|HS|  |TAMS 0x0000000085500000, 0x0000000085400000| Complete 
|   3|0x0000000085500000, 0x0000000085600000, 0x0000000085600000|100%| O|  |TAMS 0x0000000085500000, 0x0000000085500000| Untracked 
|   4|0x0000000085600000, 0x000000008562ec00, 0x0000000085700000| 18%| O|  |TAMS 0x0000000085600000, 0x0000000085600000| Untracked 
|   5|0x0000000085700000, 0x0000000085800000, 0x0000000085800000|100%| O|  |TAMS 0x0000000085800000, 0x0000000085700000| Untracked 
|   6|0x0000000085800000, 0x0000000085900000, 0x0000000085900000|100%| O|  |TAMS 0x0000000085900000, 0x0000000085800000| Untracked 
|   7|0x0000000085900000, 0x0000000085a00000, 0x0000000085a00000|100%| O|  |TAMS 0x0000000085a00000, 0x0000000085900000| Untracked 
|   8|0x0000000085a00000, 0x0000000085b00000, 0x0000000085b00000|100%| O|  |TAMS 0x0000000085b00000, 0x0000000085a00000| Untracked 
|   9|0x0000000085b00000, 0x0000000085c00000, 0x0000000085c00000|100%| O|  |TAMS 0x0000000085c00000, 0x0000000085b00000| Untracked 
|  10|0x0000000085c00000, 0x0000000085d00000, 0x0000000085d00000|100%| O|  |TAMS 0x0000000085d00000, 0x0000000085c00000| Untracked 
|  11|0x0000000085d00000, 0x0000000085e00000, 0x0000000085e00000|100%| O|  |TAMS 0x0000000085e00000, 0x0000000085d00000| Untracked 
|  12|0x0000000085e00000, 0x0000000085f00000, 0x0000000085f00000|100%| O|  |TAMS 0x0000000085f00000, 0x0000000085e00000| Untracked 
|  13|0x0000000085f00000, 0x0000000086000000, 0x0000000086000000|100%| O|  |TAMS 0x0000000085f00000, 0x0000000085f00000| Untracked 
|  14|0x0000000086000000, 0x0000000086100000, 0x0000000086100000|100%|HS|  |TAMS 0x0000000086100000, 0x0000000086000000| Complete 
|  15|0x0000000086100000, 0x0000000086200000, 0x0000000086200000|100%| O|  |TAMS 0x0000000086200000, 0x0000000086100000| Untracked 
|  16|0x0000000086200000, 0x0000000086300000, 0x0000000086300000|100%| O|  |TAMS 0x0000000086300000, 0x0000000086200000| Untracked 
|  17|0x0000000086300000, 0x0000000086400000, 0x0000000086400000|100%| O|  |TAMS 0x0000000086356800, 0x0000000086300000| Untracked 
|  18|0x0000000086400000, 0x0000000086500000, 0x0000000086500000|100%| O|  |TAMS 0x0000000086400000, 0x0000000086400000| Untracked 
|  19|0x0000000086500000, 0x00000000865d7c00, 0x0000000086600000| 84%| O|  |TAMS 0x0000000086500000, 0x0000000086500000| Untracked 
|  20|0x0000000086600000, 0x0000000086600000, 0x0000000086700000|  0%| F|  |TAMS 0x0000000086600000, 0x0000000086600000| Untracked 
|  21|0x0000000086700000, 0x0000000086700000, 0x0000000086800000|  0%| F|  |TAMS 0x0000000086700000, 0x0000000086700000| Untracked 
|  22|0x0000000086800000, 0x0000000086800000, 0x0000000086900000|  0%| F|  |TAMS 0x0000000086800000, 0x0000000086800000| Untracked 
|  23|0x0000000086900000, 0x0000000086900000, 0x0000000086a00000|  0%| F|  |TAMS 0x0000000086900000, 0x0000000086900000| Untracked 
|  24|0x0000000086a00000, 0x0000000086a00000, 0x0000000086b00000|  0%| F|  |TAMS 0x0000000086a00000, 0x0000000086a00000| Untracked 
|  25|0x0000000086b00000, 0x0000000086b00000, 0x0000000086c00000|  0%| F|  |TAMS 0x0000000086b00000, 0x0000000086b00000| Untracked 
|  26|0x0000000086c00000, 0x0000000086cf9fc0, 0x0000000086d00000| 97%| S|CS|TAMS 0x0000000086c00000, 0x0000000086c00000| Complete 
|  27|0x0000000086d00000, 0x0000000086e00000, 0x0000000086e00000|100%| S|CS|TAMS 0x0000000086d00000, 0x0000000086d00000| Complete 
|  28|0x0000000086e00000, 0x0000000086f00000, 0x0000000086f00000|100%| S|CS|TAMS 0x0000000086e00000, 0x0000000086e00000| Complete 
|  29|0x0000000086f00000, 0x0000000087000000, 0x0000000087000000|100%| S|CS|TAMS 0x0000000086f00000, 0x0000000086f00000| Complete 
|  30|0x0000000087000000, 0x0000000087100000, 0x0000000087100000|100%| S|CS|TAMS 0x0000000087000000, 0x0000000087000000| Complete 
|  31|0x0000000087100000, 0x0000000087200000, 0x0000000087200000|100%| S|CS|TAMS 0x0000000087100000, 0x0000000087100000| Complete 
|  32|0x0000000087200000, 0x0000000087300000, 0x0000000087300000|100%| S|CS|TAMS 0x0000000087200000, 0x0000000087200000| Complete 
|  33|0x0000000087300000, 0x0000000087300000, 0x0000000087400000|  0%| F|  |TAMS 0x0000000087300000, 0x0000000087300000| Untracked 
|  34|0x0000000087400000, 0x0000000087400000, 0x0000000087500000|  0%| F|  |TAMS 0x0000000087400000, 0x0000000087400000| Untracked 
|  35|0x0000000087500000, 0x0000000087500000, 0x0000000087600000|  0%| F|  |TAMS 0x0000000087500000, 0x0000000087500000| Untracked 
|  36|0x0000000087600000, 0x0000000087600000, 0x0000000087700000|  0%| F|  |TAMS 0x0000000087600000, 0x0000000087600000| Untracked 
|  37|0x0000000087700000, 0x0000000087700000, 0x0000000087800000|  0%| F|  |TAMS 0x0000000087700000, 0x0000000087700000| Untracked 
|  38|0x0000000087800000, 0x0000000087800000, 0x0000000087900000|  0%| F|  |TAMS 0x0000000087800000, 0x0000000087800000| Untracked 
|  39|0x0000000087900000, 0x0000000087900000, 0x0000000087a00000|  0%| F|  |TAMS 0x0000000087900000, 0x0000000087900000| Untracked 
|  40|0x0000000087a00000, 0x0000000087a00000, 0x0000000087b00000|  0%| F|  |TAMS 0x0000000087a00000, 0x0000000087a00000| Untracked 
|  41|0x0000000087b00000, 0x0000000087b00000, 0x0000000087c00000|  0%| F|  |TAMS 0x0000000087b00000, 0x0000000087b00000| Untracked 
|  42|0x0000000087c00000, 0x0000000087c00000, 0x0000000087d00000|  0%| F|  |TAMS 0x0000000087c00000, 0x0000000087c00000| Untracked 
|  43|0x0000000087d00000, 0x0000000087d00000, 0x0000000087e00000|  0%| F|  |TAMS 0x0000000087d00000, 0x0000000087d00000| Untracked 
|  44|0x0000000087e00000, 0x0000000087e00000, 0x0000000087f00000|  0%| F|  |TAMS 0x0000000087e00000, 0x0000000087e00000| Untracked 
|  45|0x0000000087f00000, 0x0000000087f00000, 0x0000000088000000|  0%| F|  |TAMS 0x0000000087f00000, 0x0000000087f00000| Untracked 
|  46|0x0000000088000000, 0x0000000088000000, 0x0000000088100000|  0%| F|  |TAMS 0x0000000088000000, 0x0000000088000000| Untracked 
|  47|0x0000000088100000, 0x0000000088100000, 0x0000000088200000|  0%| F|  |TAMS 0x0000000088100000, 0x0000000088100000| Untracked 
|  48|0x0000000088200000, 0x0000000088200000, 0x0000000088300000|  0%| F|  |TAMS 0x0000000088200000, 0x0000000088200000| Untracked 
|  49|0x0000000088300000, 0x0000000088300000, 0x0000000088400000|  0%| F|  |TAMS 0x0000000088300000, 0x0000000088300000| Untracked 
|  50|0x0000000088400000, 0x0000000088400000, 0x0000000088500000|  0%| F|  |TAMS 0x0000000088400000, 0x0000000088400000| Untracked 
|  51|0x0000000088500000, 0x0000000088500000, 0x0000000088600000|  0%| F|  |TAMS 0x0000000088500000, 0x0000000088500000| Untracked 
|  52|0x0000000088600000, 0x0000000088600000, 0x0000000088700000|  0%| F|  |TAMS 0x0000000088600000, 0x0000000088600000| Untracked 
|  53|0x0000000088700000, 0x0000000088800000, 0x0000000088800000|100%| E|  |TAMS 0x0000000088700000, 0x0000000088700000| Complete 
|  54|0x0000000088800000, 0x0000000088900000, 0x0000000088900000|100%| E|CS|TAMS 0x0000000088800000, 0x0000000088800000| Complete 
|  55|0x0000000088900000, 0x0000000088a00000, 0x0000000088a00000|100%| E|CS|TAMS 0x0000000088900000, 0x0000000088900000| Complete 
|  56|0x0000000088a00000, 0x0000000088b00000, 0x0000000088b00000|100%| E|CS|TAMS 0x0000000088a00000, 0x0000000088a00000| Complete 
|  57|0x0000000088b00000, 0x0000000088c00000, 0x0000000088c00000|100%| E|  |TAMS 0x0000000088b00000, 0x0000000088b00000| Complete 
|  58|0x0000000088c00000, 0x0000000088d00000, 0x0000000088d00000|100%| E|CS|TAMS 0x0000000088c00000, 0x0000000088c00000| Complete 
|  59|0x0000000088d00000, 0x0000000088e00000, 0x0000000088e00000|100%| E|CS|TAMS 0x0000000088d00000, 0x0000000088d00000| Complete 
|  60|0x0000000088e00000, 0x0000000088f00000, 0x0000000088f00000|100%| E|CS|TAMS 0x0000000088e00000, 0x0000000088e00000| Complete 
|  61|0x0000000088f00000, 0x0000000089000000, 0x0000000089000000|100%| E|CS|TAMS 0x0000000088f00000, 0x0000000088f00000| Complete 
|  62|0x0000000089000000, 0x0000000089100000, 0x0000000089100000|100%| E|CS|TAMS 0x0000000089000000, 0x0000000089000000| Complete 
|  63|0x0000000089100000, 0x0000000089200000, 0x0000000089200000|100%| E|CS|TAMS 0x0000000089100000, 0x0000000089100000| Complete 
|  64|0x0000000089200000, 0x0000000089300000, 0x0000000089300000|100%| E|CS|TAMS 0x0000000089200000, 0x0000000089200000| Complete 
|  65|0x0000000089300000, 0x0000000089400000, 0x0000000089400000|100%| E|CS|TAMS 0x0000000089300000, 0x0000000089300000| Complete 
|  66|0x0000000089400000, 0x0000000089500000, 0x0000000089500000|100%| E|CS|TAMS 0x0000000089400000, 0x0000000089400000| Complete 
|  67|0x0000000089500000, 0x0000000089600000, 0x0000000089600000|100%| E|CS|TAMS 0x0000000089500000, 0x0000000089500000| Complete 
|  68|0x0000000089600000, 0x0000000089700000, 0x0000000089700000|100%| E|CS|TAMS 0x0000000089600000, 0x0000000089600000| Complete 
|  69|0x0000000089700000, 0x0000000089800000, 0x0000000089800000|100%| E|CS|TAMS 0x0000000089700000, 0x0000000089700000| Complete 
|  70|0x0000000089800000, 0x0000000089900000, 0x0000000089900000|100%| E|CS|TAMS 0x0000000089800000, 0x0000000089800000| Complete 
|  71|0x0000000089900000, 0x0000000089a00000, 0x0000000089a00000|100%| E|CS|TAMS 0x0000000089900000, 0x0000000089900000| Complete 
|  72|0x0000000089a00000, 0x0000000089b00000, 0x0000000089b00000|100%| E|CS|TAMS 0x0000000089a00000, 0x0000000089a00000| Complete 
|  91|0x000000008ad00000, 0x000000008ae00000, 0x000000008ae00000|100%| E|CS|TAMS 0x000000008ad00000, 0x000000008ad00000| Complete 
|  92|0x000000008ae00000, 0x000000008af00000, 0x000000008af00000|100%| E|CS|TAMS 0x000000008ae00000, 0x000000008ae00000| Complete 
|  93|0x000000008af00000, 0x000000008b000000, 0x000000008b000000|100%| E|CS|TAMS 0x000000008af00000, 0x000000008af00000| Complete 
|  94|0x000000008b000000, 0x000000008b100000, 0x000000008b100000|100%| E|CS|TAMS 0x000000008b000000, 0x000000008b000000| Complete 
|  95|0x000000008b100000, 0x000000008b200000, 0x000000008b200000|100%| E|CS|TAMS 0x000000008b100000, 0x000000008b100000| Complete 
|  96|0x000000008b200000, 0x000000008b300000, 0x000000008b300000|100%| E|CS|TAMS 0x000000008b200000, 0x000000008b200000| Complete 
| 123|0x000000008cd00000, 0x000000008ce00000, 0x000000008ce00000|100%| E|CS|TAMS 0x000000008cd00000, 0x000000008cd00000| Complete 

Card table byte_map: [0x0000026feb9b0000,0x0000026febd90000] _byte_map_base: 0x0000026feb587000

Marking Bits (Prev, Next): (CMBitMap*) 0x0000026fd2af90b0, (CMBitMap*) 0x0000026fd2af9070
 Prev Bits: [0x0000026fee030000, 0x0000026fefee8000)
 Next Bits: [0x0000026fec170000, 0x0000026fee028000)

Polling page: 0x0000026fd27e0000

Metaspace:

Usage:
  Non-class:     24.88 MB used.
      Class:      3.59 MB used.
       Both:     28.47 MB used.

Virtual space:
  Non-class space:       64.00 MB reserved,      25.06 MB ( 39%) committed,  1 nodes.
      Class space:        1.00 GB reserved,       3.75 MB ( <1%) committed,  1 nodes.
             Both:        1.06 GB reserved,      28.81 MB (  3%) committed. 

Chunk freelists:
   Non-Class:  6.27 MB
       Class:  12.14 MB
        Both:  18.41 MB

MaxMetaspaceSize: unlimited
CompressedClassSpaceSize: 1.00 GB
Initial GC threshold: 21.00 MB
Current GC threshold: 35.12 MB
CDS: on
MetaspaceReclaimPolicy: balanced
 - commit_granule_bytes: 65536.
 - commit_granule_words: 8192.
 - virtual_space_node_default_size: 8388608.
 - enlarge_chunks_in_place: 1.
 - new_chunks_are_fully_committed: 0.
 - uncommit_free_chunks: 1.
 - use_allocation_guard: 0.
 - handle_deallocations: 1.


Internal statistics:

num_allocs_failed_limit: 5.
num_arena_births: 420.
num_arena_deaths: 0.
num_vsnodes_births: 2.
num_vsnodes_deaths: 0.
num_space_committed: 461.
num_space_uncommitted: 0.
num_chunks_returned_to_freelist: 5.
num_chunks_taken_from_freelist: 1449.
num_chunk_merges: 5.
num_chunk_splits: 993.
num_chunks_enlarged: 752.
num_inconsistent_stats: 0.

CodeHeap 'non-profiled nmethods': size=120000Kb used=2240Kb max_used=2240Kb free=117759Kb
 bounds [0x0000026fe3410000, 0x0000026fe3680000, 0x0000026fea940000]
CodeHeap 'profiled nmethods': size=120000Kb used=8498Kb max_used=8498Kb free=111502Kb
 bounds [0x0000026fdb940000, 0x0000026fdc190000, 0x0000026fe2e70000]
CodeHeap 'non-nmethods': size=5760Kb used=1221Kb max_used=1274Kb free=4538Kb
 bounds [0x0000026fe2e70000, 0x0000026fe30e0000, 0x0000026fe3410000]
 total_blobs=4482 nmethods=3955 adapters=439
 compilation: enabled
              stopped_count=0, restarted_count=0
 full_count=0

Compilation events (20 events):
Event: 16.593 Thread 0x0000026ff7010440 nmethod 3923 0x0000026fdc165290 code [0x0000026fdc165420, 0x0000026fdc165548]
Event: 16.605 Thread 0x0000026ff7010440 3924       3       org.springframework.boot.autoconfigure.condition.OnBeanCondition::<init> (5 bytes)
Event: 16.605 Thread 0x0000026ff7010440 nmethod 3924 0x0000026fdc165610 code [0x0000026fdc165820, 0x0000026fdc165f98]
Event: 16.605 Thread 0x0000026ff7010440 3925       3       java.util.HashMap::putAll (7 bytes)
Event: 16.606 Thread 0x0000026ff7010440 nmethod 3925 0x0000026fdc166210 code [0x0000026fdc1663a0, 0x0000026fdc1664e8]
Event: 16.608 Thread 0x0000026ff700ca60 nmethod 3917 0x0000026fe363c510 code [0x0000026fe363c720, 0x0000026fe363d190]
Event: 16.608 Thread 0x0000026ff700ca60 3919       4       java.lang.Object::<init> (1 bytes)
Event: 16.609 Thread 0x0000026ff700ca60 nmethod 3919 0x0000026fe363d910 code [0x0000026fe363da80, 0x0000026fe363db38]
Event: 16.609 Thread 0x0000026ff700ca60 3926       4       org.springframework.core.annotation.AnnotationTypeMappings::get (14 bytes)
Event: 16.611 Thread 0x0000026ff700ca60 nmethod 3926 0x0000026fe363dc10 code [0x0000026fe363dda0, 0x0000026fe363ded8]
Event: 16.611 Thread 0x0000026ff700ca60 3918       4       java.util.Collections$EmptySet::iterator (4 bytes)
Event: 16.611 Thread 0x0000026ff7010440 3927       1       java.util.Collections$EmptyMap::size (2 bytes)
Event: 16.611 Thread 0x0000026ff7010440 nmethod 3927 0x0000026fe363e090 code [0x0000026fe363e220, 0x0000026fe363e2f8]
Event: 16.611 Thread 0x0000026ff700ca60 nmethod 3918 0x0000026fe363e390 code [0x0000026fe363e500, 0x0000026fe363e578]
Event: 16.611 Thread 0x0000026ff7010440 3928       3       org.springframework.util.ObjectUtils::nullSafeToString (190 bytes)
Event: 16.612 Thread 0x0000026ff700ca60 3929       4       org.springframework.boot.context.properties.source.ConfigurationPropertyName$Elements::get (49 bytes)
Event: 16.612 Thread 0x0000026ff7010440 nmethod 3928 0x0000026fdc166590 code [0x0000026fdc1668e0, 0x0000026fdc168478]
Event: 16.612 Thread 0x0000026ff7010440 3930       1       org.springframework.boot.autoconfigure.SharedMetadataReaderFactoryContextInitializer$SharedMetadataReaderFactoryBean::getObjectType (3 bytes)
Event: 16.612 Thread 0x0000026ff7010440 nmethod 3930 0x0000026fe363e690 code [0x0000026fe363e820, 0x0000026fe363e8f8]
Event: 16.622 Thread 0x0000026ff700ca60 nmethod 3929 0x0000026fe363e990 code [0x0000026fe363eb40, 0x0000026fe363f178]

GC Heap History (10 events):
Event: 5.337 GC heap before
{Heap before GC invocations=0 (full 0):
 garbage-first heap   total 126976K, used 27648K [0x0000000085200000, 0x0000000100000000)
  region size 1024K, 23 young (23552K), 0 survivors (0K)
 Metaspace       used 2941K, committed 3072K, reserved 1114112K
  class space    used 291K, committed 320K, reserved 1048576K
}
Event: 5.358 GC heap after
{Heap after GC invocations=1 (full 0):
 garbage-first heap   total 126976K, used 14576K [0x0000000085200000, 0x0000000100000000)
  region size 1024K, 3 young (3072K), 3 survivors (3072K)
 Metaspace       used 2941K, committed 3072K, reserved 1114112K
  class space    used 291K, committed 320K, reserved 1048576K
}
Event: 6.806 GC heap before
{Heap before GC invocations=1 (full 0):
 garbage-first heap   total 126976K, used 31984K [0x0000000085200000, 0x0000000100000000)
  region size 1024K, 17 young (17408K), 3 survivors (3072K)
 Metaspace       used 6801K, committed 6976K, reserved 1114112K
  class space    used 750K, committed 832K, reserved 1048576K
}
Event: 6.816 GC heap after
{Heap after GC invocations=2 (full 0):
 garbage-first heap   total 126976K, used 17721K [0x0000000085200000, 0x0000000100000000)
  region size 1024K, 2 young (2048K), 2 survivors (2048K)
 Metaspace       used 6801K, committed 6976K, reserved 1114112K
  class space    used 750K, committed 832K, reserved 1048576K
}
Event: 10.978 GC heap before
{Heap before GC invocations=2 (full 0):
 garbage-first heap   total 126976K, used 57657K [0x0000000085200000, 0x0000000100000000)
  region size 1024K, 42 young (43008K), 2 survivors (2048K)
 Metaspace       used 16154K, committed 16512K, reserved 1114112K
  class space    used 2157K, committed 2304K, reserved 1048576K
}
Event: 10.985 GC heap after
{Heap after GC invocations=3 (full 0):
 garbage-first heap   total 126976K, used 20741K [0x0000000085200000, 0x0000000100000000)
  region size 1024K, 5 young (5120K), 5 survivors (5120K)
 Metaspace       used 16154K, committed 16512K, reserved 1114112K
  class space    used 2157K, committed 2304K, reserved 1048576K
}
Event: 12.375 GC heap before
{Heap before GC invocations=3 (full 0):
 garbage-first heap   total 126976K, used 46341K [0x0000000085200000, 0x0000000100000000)
  region size 1024K, 32 young (32768K), 5 survivors (5120K)
 Metaspace       used 21177K, committed 21504K, reserved 1114112K
  class space    used 2656K, committed 2816K, reserved 1048576K
}
Event: 12.381 GC heap after
{Heap after GC invocations=4 (full 0):
 garbage-first heap   total 126976K, used 23392K [0x0000000085200000, 0x0000000100000000)
  region size 1024K, 6 young (6144K), 6 survivors (6144K)
 Metaspace       used 21177K, committed 21504K, reserved 1114112K
  class space    used 2656K, committed 2816K, reserved 1048576K
}
Event: 14.934 GC heap before
{Heap before GC invocations=5 (full 0):
 garbage-first heap   total 81920K, used 63328K [0x0000000085200000, 0x0000000100000000)
  region size 1024K, 47 young (48128K), 6 survivors (6144K)
 Metaspace       used 26113K, committed 26432K, reserved 1114112K
  class space    used 3307K, committed 3456K, reserved 1048576K
}
Event: 14.948 GC heap after
{Heap after GC invocations=6 (full 0):
 garbage-first heap   total 81920K, used 26625K [0x0000000085200000, 0x0000000100000000)
  region size 1024K, 7 young (7168K), 7 survivors (7168K)
 Metaspace       used 26113K, committed 26432K, reserved 1114112K
  class space    used 3307K, committed 3456K, reserved 1048576K
}

Deoptimization events (20 events):
Event: 16.427 Thread 0x0000026fd2a9c6c0 Uncommon trap: trap_request=0xffffff45 fr.pc=0x0000026fe3627620 relative=0x0000000000000de0
Event: 16.427 Thread 0x0000026fd2a9c6c0 Uncommon trap: reason=unstable_if action=reinterpret pc=0x0000026fe3627620 method=org.springframework.core.ResolvableType$1.isAssignableFrom(Ljava/lang/Class;)Z @ 15 c2
Event: 16.427 Thread 0x0000026fd2a9c6c0 DEOPT PACKING pc=0x0000026fe3627620 sp=0x00000091592fe980
Event: 16.427 Thread 0x0000026fd2a9c6c0 DEOPT UNPACKING pc=0x0000026fe2ec23a3 sp=0x00000091592fe8f0 mode 2
Event: 16.492 Thread 0x0000026fd2a9c6c0 Uncommon trap: trap_request=0xffffffbe fr.pc=0x0000026fe3633d48 relative=0x0000000000000748
Event: 16.492 Thread 0x0000026fd2a9c6c0 Uncommon trap: reason=profile_predicate action=maybe_recompile pc=0x0000026fe3633d48 method=org.springframework.core.annotation.MergedAnnotationsCollection.isPresent(Ljava/lang/Object;Z)Z @ 16 c2
Event: 16.493 Thread 0x0000026fd2a9c6c0 DEOPT PACKING pc=0x0000026fe3633d48 sp=0x00000091592fed50
Event: 16.493 Thread 0x0000026fd2a9c6c0 DEOPT UNPACKING pc=0x0000026fe2ec23a3 sp=0x00000091592fece8 mode 2
Event: 16.495 Thread 0x0000026fd2a9c6c0 Uncommon trap: trap_request=0xffffffbe fr.pc=0x0000026fe3633d48 relative=0x0000000000000748
Event: 16.495 Thread 0x0000026fd2a9c6c0 Uncommon trap: reason=profile_predicate action=maybe_recompile pc=0x0000026fe3633d48 method=org.springframework.core.annotation.MergedAnnotationsCollection.isPresent(Ljava/lang/Object;Z)Z @ 16 c2
Event: 16.495 Thread 0x0000026fd2a9c6c0 DEOPT PACKING pc=0x0000026fe3633d48 sp=0x00000091592fed50
Event: 16.495 Thread 0x0000026fd2a9c6c0 DEOPT UNPACKING pc=0x0000026fe2ec23a3 sp=0x00000091592fece8 mode 2
Event: 16.497 Thread 0x0000026fd2a9c6c0 Uncommon trap: trap_request=0xffffffbe fr.pc=0x0000026fe3633d48 relative=0x0000000000000748
Event: 16.497 Thread 0x0000026fd2a9c6c0 Uncommon trap: reason=profile_predicate action=maybe_recompile pc=0x0000026fe3633d48 method=org.springframework.core.annotation.MergedAnnotationsCollection.isPresent(Ljava/lang/Object;Z)Z @ 16 c2
Event: 16.497 Thread 0x0000026fd2a9c6c0 DEOPT PACKING pc=0x0000026fe3633d48 sp=0x00000091592fed50
Event: 16.497 Thread 0x0000026fd2a9c6c0 DEOPT UNPACKING pc=0x0000026fe2ec23a3 sp=0x00000091592fece8 mode 2
Event: 16.500 Thread 0x0000026fd2a9c6c0 Uncommon trap: trap_request=0xffffffbe fr.pc=0x0000026fe3633d48 relative=0x0000000000000748
Event: 16.500 Thread 0x0000026fd2a9c6c0 Uncommon trap: reason=profile_predicate action=maybe_recompile pc=0x0000026fe3633d48 method=org.springframework.core.annotation.MergedAnnotationsCollection.isPresent(Ljava/lang/Object;Z)Z @ 16 c2
Event: 16.500 Thread 0x0000026fd2a9c6c0 DEOPT PACKING pc=0x0000026fe3633d48 sp=0x00000091592fedb0
Event: 16.500 Thread 0x0000026fd2a9c6c0 DEOPT UNPACKING pc=0x0000026fe2ec23a3 sp=0x00000091592fed48 mode 2

Classes unloaded (0 events):
No events

Classes redefined (0 events):
No events

Internal exceptions (20 events):
Event: 9.099 Thread 0x0000026fd2a9c6c0 Exception <a 'java/lang/NoSuchMethodError'{0x000000008c106980}: 'void java.lang.invoke.DirectMethodHandle$Holder.invokeStaticInit(java.lang.Object, java.lang.Object, java.lang.Object)'> (0x000000008c106980) 
thrown [s\open\src\hotspot\share\interpreter\linkResolver.cpp, line 759]
Event: 9.107 Thread 0x0000026fd2a9c6c0 Exception <a 'java/lang/NoSuchMethodError'{0x000000008c151428}: 'java.lang.Object java.lang.invoke.DirectMethodHandle$Holder.invokeVirtual(java.lang.Object, java.lang.Object, java.lang.Object)'> (0x000000008c151428) 
thrown [s\open\src\hotspot\share\interpreter\linkResolver.cpp, line 759]
Event: 9.134 Thread 0x0000026fd2a9c6c0 Exception <a 'java/lang/NoSuchMethodError'{0x000000008c012250}: 'java.lang.Object java.lang.invoke.DirectMethodHandle$Holder.newInvokeSpecial(java.lang.Object, long)'> (0x000000008c012250) 
thrown [s\open\src\hotspot\share\interpreter\linkResolver.cpp, line 759]
Event: 9.135 Thread 0x0000026fd2a9c6c0 Exception <a 'java/lang/NoSuchMethodError'{0x000000008c019ae8}: 'void java.lang.invoke.DirectMethodHandle$Holder.invokeVirtual(java.lang.Object, java.lang.Object, java.lang.Object, java.lang.Object)'> (0x000000008c019ae8) 
thrown [s\open\src\hotspot\share\interpreter\linkResolver.cpp, line 759]
Event: 9.153 Thread 0x0000026fd2a9c6c0 Exception <a 'java/lang/NoSuchMethodError'{0x000000008c0cd4a0}: 'java.lang.Object java.lang.invoke.DirectMethodHandle$Holder.invokeSpecial(java.lang.Object, java.lang.Object, long, java.lang.Object, java.lang.Object, java.lang.Object, java.lang.Object, java.lang.Object, java.lang.Object)'> (0x000000008c0cd4a0) 
thrown [s\open\src\hotspot\share\interpreter\linkResolver.cpp, line 759]
Event: 9.153 Thread 0x0000026fd2a9c6c0 Exception <a 'java/lang/NoSuchMethodError'{0x000000008c0d1d20}: 'java.lang.Object java.lang.invoke.DelegatingMethodHandle$Holder.reinvoke_L(java.lang.Object, long, java.lang.Object, java.lang.Object, java.lang.Object, java.lang.Object, java.lang.Object, java.lang.Object)'> (0x000000008c0d1d20) 
thrown [s\open\src\hotspot\share\interpreter\linkResolver.cpp, line 759]
Event: 9.301 Thread 0x0000026fd2a9c6c0 Exception <a 'java/lang/IncompatibleClassChangeError'{0x000000008bcf6380}: Found class java.lang.Object, but interface was expected> (0x000000008bcf6380) 
thrown [s\open\src\hotspot\share\interpreter\linkResolver.cpp, line 826]
Event: 9.513 Thread 0x0000026ff8ba8970 Exception <a 'java/lang/NoSuchMethodError'{0x000000008b957148}: 'java.lang.Object java.lang.invoke.Invokers$Holder.invoke_MT(java.lang.Object, java.lang.Object, java.lang.Object)'> (0x000000008b957148) 
thrown [s\open\src\hotspot\share\interpreter\linkResolver.cpp, line 759]
Event: 10.537 Thread 0x0000026fd2a9c6c0 Exception <a 'sun/nio/fs/WindowsException'{0x000000008a9968c8}> (0x000000008a9968c8) 
thrown [s\open\src\hotspot\share\prims\jni.cpp, line 516]
Event: 10.540 Thread 0x0000026fd2a9c6c0 Exception <a 'java/lang/NoSuchMethodError'{0x000000008a9982b0}: 'int java.lang.invoke.DirectMethodHandle$Holder.invokeSpecial(java.lang.Object, java.lang.Object, java.lang.Object, java.lang.Object, java.lang.Object)'> (0x000000008a9982b0) 
thrown [s\open\src\hotspot\share\interpreter\linkResolver.cpp, line 759]
Event: 10.546 Thread 0x0000026fd2a9c6c0 Exception <a 'java/lang/NoSuchMethodError'{0x000000008a9a1258}: 'void java.lang.invoke.DirectMethodHandle$Holder.invokeVirtual(java.lang.Object, java.lang.Object)'> (0x000000008a9a1258) 
thrown [s\open\src\hotspot\share\interpreter\linkResolver.cpp, line 759]
Event: 12.588 Thread 0x0000026fd2a9c6c0 Exception <a 'java/lang/IncompatibleClassChangeError'{0x00000000896e4e50}: Found class java.lang.Object, but interface was expected> (0x00000000896e4e50) 
thrown [s\open\src\hotspot\share\interpreter\linkResolver.cpp, line 826]
Event: 12.676 Thread 0x0000026ff8ba8970 Exception <a 'java/lang/NoSuchMethodError'{0x00000000893eb058}: 'long java.lang.invoke.DirectMethodHandle$Holder.invokeSpecial(java.lang.Object, java.lang.Object)'> (0x00000000893eb058) 
thrown [s\open\src\hotspot\share\interpreter\linkResolver.cpp, line 759]
Event: 12.679 Thread 0x0000026ff8ba8970 Exception <a 'java/lang/NoSuchMethodError'{0x00000000893f5c80}: 'long java.lang.invoke.DirectMethodHandle$Holder.invokeStatic(java.lang.Object, java.lang.Object)'> (0x00000000893f5c80) 
thrown [s\open\src\hotspot\share\interpreter\linkResolver.cpp, line 759]
Event: 12.679 Thread 0x0000026ff8ba8970 Exception <a 'java/lang/NoSuchMethodError'{0x0000000089103848}: 'long java.lang.invoke.DirectMethodHandle$Holder.invokeStaticInit(java.lang.Object, java.lang.Object)'> (0x0000000089103848) 
thrown [s\open\src\hotspot\share\interpreter\linkResolver.cpp, line 759]
Event: 12.684 Thread 0x0000026ff8ba8970 Exception <a 'java/lang/NoSuchMethodError'{0x0000000089111150}: 'long java.lang.invoke.DirectMethodHandle$Holder.invokeInterface(java.lang.Object, java.lang.Object)'> (0x0000000089111150) 
thrown [s\open\src\hotspot\share\interpreter\linkResolver.cpp, line 759]
Event: 12.684 Thread 0x0000026ff8ba8970 Exception <a 'java/lang/IncompatibleClassChangeError'{0x0000000089114438}: Found class java.lang.Object, but interface was expected> (0x0000000089114438) 
thrown [s\open\src\hotspot\share\interpreter\linkResolver.cpp, line 826]
Event: 12.693 Thread 0x0000026ff8ba8970 Exception <a 'java/lang/NoSuchMethodError'{0x000000008912d800}: 'java.lang.Object java.lang.invoke.DirectMethodHandle$Holder.invokeVirtual(java.lang.Object, java.lang.Object, java.lang.Object, java.lang.Object)'> (0x000000008912d800) 
thrown [s\open\src\hotspot\share\interpreter\linkResolver.cpp, line 759]
Event: 14.201 Thread 0x0000026fd2a9c6c0 Exception <a 'java/lang/NoSuchMethodError'{0x0000000087d821b0}: 'void java.lang.invoke.DirectMethodHandle$Holder.invokeStatic(java.lang.Object, java.lang.Object, int)'> (0x0000000087d821b0) 
thrown [s\open\src\hotspot\share\interpreter\linkResolver.cpp, line 759]
Event: 16.155 Thread 0x0000026fd2a9c6c0 Implicit null exception at 0x0000026fe36166d3 to 0x0000026fe3617354

VM Operations (20 events):
Event: 13.033 Executing VM operation: HandshakeAllThreads
Event: 13.040 Executing VM operation: HandshakeAllThreads done
Event: 13.146 Executing VM operation: ICBufferFull
Event: 13.146 Executing VM operation: ICBufferFull done
Event: 14.148 Executing VM operation: Cleanup
Event: 14.149 Executing VM operation: Cleanup done
Event: 14.800 Executing VM operation: HandshakeAllThreads
Event: 14.800 Executing VM operation: HandshakeAllThreads done
Event: 14.934 Executing VM operation: G1CollectForAllocation
Event: 14.948 Executing VM operation: G1CollectForAllocation done
Event: 15.143 Executing VM operation: HandshakeAllThreads
Event: 15.143 Executing VM operation: HandshakeAllThreads done
Event: 15.458 Executing VM operation: HandshakeAllThreads
Event: 15.458 Executing VM operation: HandshakeAllThreads done
Event: 15.878 Executing VM operation: ICBufferFull
Event: 15.878 Executing VM operation: ICBufferFull done
Event: 16.546 Executing VM operation: HandshakeAllThreads
Event: 16.546 Executing VM operation: HandshakeAllThreads done
Event: 17.558 Executing VM operation: Cleanup
Event: 17.559 Executing VM operation: Cleanup done

Events (20 events):
Event: 14.193 Thread 0x0000026ff81db430 Thread exited: 0x0000026ff81db430
Event: 14.199 loading class java/util/function/IntUnaryOperator
Event: 14.199 loading class java/util/function/IntUnaryOperator done
Event: 14.200 loading class java/util/stream/IntPipeline$4
Event: 14.201 loading class java/util/stream/IntPipeline$4 done
Event: 14.202 loading class java/util/stream/ForEachOps$ForEachOp$OfInt
Event: 14.203 loading class java/util/stream/ForEachOps$ForEachOp$OfInt done
Event: 14.203 loading class java/util/stream/IntPipeline$4$1
Event: 14.204 loading class java/util/stream/IntPipeline$4$1 done
Event: 14.204 loading class java/util/EnumMap$EntrySet
Event: 14.205 loading class java/util/EnumMap$EntrySet done
Event: 14.205 loading class java/util/EnumMap$EntryIterator
Event: 14.205 loading class java/util/EnumMap$EnumMapIterator
Event: 14.205 loading class java/util/EnumMap$EnumMapIterator done
Event: 14.205 loading class java/util/EnumMap$EntryIterator done
Event: 14.205 loading class java/util/EnumMap$EntryIterator$Entry
Event: 14.206 loading class java/util/EnumMap$EntryIterator$Entry done
Event: 14.475 Thread 0x0000026ff81db430 Thread added: 0x0000026ff81db430
Event: 16.453 loading class jdk/internal/access/foreign/MemorySegmentProxy
Event: 16.453 loading class jdk/internal/access/foreign/MemorySegmentProxy done


Dynamic libraries:
0x00007ff762250000 - 0x00007ff762260000 	C:\Program Files\Java\jdk-17\bin\java.exe
0x00007ff923c00000 - 0x00007ff923e67000 	C:\WINDOWS\SYSTEM32\ntdll.dll
0x00007ff923a10000 - 0x00007ff923ad9000 	C:\WINDOWS\System32\KERNEL32.DLL
0x00007ff920ff0000 - 0x00007ff9213df000 	C:\WINDOWS\System32\KERNELBASE.dll
0x00007ff9217a0000 - 0x00007ff9218eb000 	C:\WINDOWS\System32\ucrtbase.dll
0x00007ff8f48c0000 - 0x00007ff8f48db000 	C:\Program Files\Java\jdk-17\bin\VCRUNTIME140.dll
0x00007ff8f4690000 - 0x00007ff8f46a9000 	C:\Program Files\Java\jdk-17\bin\jli.dll
0x00007ff923040000 - 0x00007ff9230f4000 	C:\WINDOWS\System32\ADVAPI32.dll
0x00007ff922f10000 - 0x00007ff922fb9000 	C:\WINDOWS\System32\msvcrt.dll
0x00007ff922bf0000 - 0x00007ff922c96000 	C:\WINDOWS\System32\sechost.dll
0x00007ff9222c0000 - 0x00007ff9223d8000 	C:\WINDOWS\System32\RPCRT4.dll
0x00007ff922a00000 - 0x00007ff922bc5000 	C:\WINDOWS\System32\USER32.dll
0x00007ff9215f0000 - 0x00007ff921617000 	C:\WINDOWS\System32\win32u.dll
0x00007ff8ff6d0000 - 0x00007ff8ff963000 	C:\WINDOWS\WinSxS\amd64_microsoft.windows.common-controls_6595b64144ccf1df_6.0.26100.7309_none_3e05feeae336a044\COMCTL32.dll
0x00007ff923b90000 - 0x00007ff923bbb000 	C:\WINDOWS\System32\GDI32.dll
0x00007ff920ec0000 - 0x00007ff920fec000 	C:\WINDOWS\System32\gdi32full.dll
0x00007ff920d50000 - 0x00007ff920df3000 	C:\WINDOWS\System32\msvcp_win.dll
0x00007ff90db50000 - 0x00007ff90db5b000 	C:\WINDOWS\SYSTEM32\VERSION.dll
0x00007ff923100000 - 0x00007ff923131000 	C:\WINDOWS\System32\IMM32.DLL
0x00007ff8f4420000 - 0x00007ff8f442c000 	C:\Program Files\Java\jdk-17\bin\vcruntime140_1.dll
0x00007ff8f4340000 - 0x00007ff8f43ce000 	C:\Program Files\Java\jdk-17\bin\msvcp140.dll
0x00007ff8821c0000 - 0x00007ff882da0000 	C:\Program Files\Java\jdk-17\bin\server\jvm.dll
0x00007ff922500000 - 0x00007ff922508000 	C:\WINDOWS\System32\PSAPI.DLL
0x00007ff915d00000 - 0x00007ff915d35000 	C:\WINDOWS\SYSTEM32\WINMM.dll
0x00007ff8e35f0000 - 0x00007ff8e35fa000 	C:\WINDOWS\SYSTEM32\WSOCK32.dll
0x00007ff922510000 - 0x00007ff922584000 	C:\WINDOWS\System32\WS2_32.dll
0x00007ff91fb00000 - 0x00007ff91fb1b000 	C:\WINDOWS\SYSTEM32\kernel.appcore.dll
0x00007ff8f4410000 - 0x00007ff8f441a000 	C:\Program Files\Java\jdk-17\bin\jimage.dll
0x00007ff91e340000 - 0x00007ff91e582000 	C:\WINDOWS\SYSTEM32\DBGHELP.DLL
0x00007ff922590000 - 0x00007ff922916000 	C:\WINDOWS\System32\combase.dll
0x00007ff922920000 - 0x00007ff9229f6000 	C:\WINDOWS\System32\OLEAUT32.dll
0x00007ff8fef60000 - 0x00007ff8fef9c000 	C:\WINDOWS\SYSTEM32\dbgcore.DLL
0x00007ff9218f0000 - 0x00007ff921995000 	C:\WINDOWS\System32\bcryptPrimitives.dll
0x00007ff90f310000 - 0x00007ff90f31e000 	C:\Program Files\Java\jdk-17\bin\instrument.dll
0x00007ff8b45b0000 - 0x00007ff8b45d5000 	C:\Program Files\Java\jdk-17\bin\java.dll
0x00007ff8b44d0000 - 0x00007ff8b45a7000 	C:\Program Files\Java\jdk-17\bin\jsvml.dll
0x00007ff921b60000 - 0x00007ff9222b3000 	C:\WINDOWS\System32\SHELL32.dll
0x00007ff9213f0000 - 0x00007ff92155a000 	C:\WINDOWS\System32\wintypes.dll
0x00007ff91e920000 - 0x00007ff91f17e000 	C:\WINDOWS\SYSTEM32\windows.storage.dll
0x00007ff9219a0000 - 0x00007ff921a95000 	C:\WINDOWS\System32\SHCORE.dll
0x00007ff922490000 - 0x00007ff9224f6000 	C:\WINDOWS\System32\shlwapi.dll
0x00007ff920c70000 - 0x00007ff920c99000 	C:\WINDOWS\SYSTEM32\profapi.dll
0x00007ff8b44b0000 - 0x00007ff8b44c8000 	C:\Program Files\Java\jdk-17\bin\zip.dll
0x00007ff8df0a0000 - 0x00007ff8df0b9000 	C:\Program Files\Java\jdk-17\bin\net.dll
0x00007ff915bd0000 - 0x00007ff915cf8000 	C:\WINDOWS\SYSTEM32\WINHTTP.dll
0x00007ff920070000 - 0x00007ff9200db000 	C:\WINDOWS\system32\mswsock.dll
0x00007ff8b48b0000 - 0x00007ff8b48c6000 	C:\Program Files\Java\jdk-17\bin\nio.dll
0x00007ff91f610000 - 0x00007ff91f644000 	C:\WINDOWS\SYSTEM32\IPHLPAPI.DLL
0x00007ff923570000 - 0x00007ff92357a000 	C:\WINDOWS\System32\NSI.dll
0x00007ff9176d0000 - 0x00007ff9176ee000 	C:\WINDOWS\SYSTEM32\dhcpcsvc6.DLL
0x00007ff917610000 - 0x00007ff917633000 	C:\WINDOWS\SYSTEM32\dhcpcsvc.DLL
0x00007ff91f650000 - 0x00007ff91f77c000 	C:\WINDOWS\SYSTEM32\DNSAPI.dll
0x00007ff914f60000 - 0x00007ff914f6b000 	C:\Windows\System32\rasadhlp.dll
0x00007ff9180c0000 - 0x00007ff918146000 	C:\WINDOWS\System32\fwpuclnt.dll
0x00007ff8f4330000 - 0x00007ff8f433e000 	C:\Program Files\Java\jdk-17\bin\sunmscapi.dll
0x00007ff921620000 - 0x00007ff921797000 	C:\WINDOWS\System32\CRYPT32.dll
0x00007ff920550000 - 0x00007ff920580000 	C:\WINDOWS\SYSTEM32\ncrypt.dll
0x00007ff920500000 - 0x00007ff92053f000 	C:\WINDOWS\SYSTEM32\NTASN1.dll

dbghelp: loaded successfully - version: 4.0.5 - missing functions: none
symbol engine: initialized successfully - sym options: 0x614 - pdb path: .;C:\Program Files\Java\jdk-17\bin;C:\WINDOWS\SYSTEM32;C:\WINDOWS\WinSxS\amd64_microsoft.windows.common-controls_6595b64144ccf1df_6.0.26100.7309_none_3e05feeae336a044;C:\Program Files\Java\jdk-17\bin\server

VM Arguments:
jvm_args: -javaagent:C:\Program Files\JetBrains\IntelliJ IDEA 2025.2.4\lib\idea_rt.jar=52388 -Dfile.encoding=UTF-8 
java_command: com.fit.microservices.produc.ProductServiceApplication
java_class_path (initial): C:\Internship\back-end-microservices\microservices-ecommerce\product-service\target\classes;C:\Users\Admin\.m2\repository\org\springframework\boot\spring-boot-starter-data-jpa\3.5.8\spring-boot-starter-data-jpa-3.5.8.jar;C:\Users\Admin\.m2\repository\org\springframework\boot\spring-boot-starter\3.5.8\spring-boot-starter-3.5.8.jar;C:\Users\Admin\.m2\repository\org\springframework\boot\spring-boot\3.5.8\spring-boot-3.5.8.jar;C:\Users\Admin\.m2\repository\org\springframework\boot\spring-boot-autoconfigure\3.5.8\spring-boot-autoconfigure-3.5.8.jar;C:\Users\Admin\.m2\repository\org\springframework\boot\spring-boot-starter-logging\3.5.8\spring-boot-starter-logging-3.5.8.jar;C:\Users\Admin\.m2\repository\org\apache\logging\log4j\log4j-to-slf4j\2.24.3\log4j-to-slf4j-2.24.3.jar;C:\Users\Admin\.m2\repository\org\apache\logging\log4j\log4j-api\2.24.3\log4j-api-2.24.3.jar;C:\Users\Admin\.m2\repository\org\slf4j\jul-to-slf4j\2.0.17\jul-to-slf4j-2.0.17.jar;C:\Users\Admin\.m2\repository\jakarta\annotation\jakarta.annotation-api\2.1.1\jakarta.annotation-api-2.1.1.jar;C:\Users\Admin\.m2\repository\org\yaml\snakeyaml\2.4\snakeyaml-2.4.jar;C:\Users\Admin\.m2\repository\org\springframework\boot\spring-boot-starter-jdbc\3.5.8\spring-boot-starter-jdbc-3.5.8.jar;C:\Users\Admin\.m2\repository\com\zaxxer\HikariCP\6.3.3\HikariCP-6.3.3.jar;C:\Users\Admin\.m2\repository\org\springframework\spring-jdbc\6.2.14\spring-jdbc-6.2.14.jar;C:\Users\Admin\.m2\repository\org\hibernate\orm\hibernate-core\6.6.36.Final\hibernate-core-6.6.36.Final.jar;C:\Users\Admin\.m2\repository\jakarta\persistence\jakarta.persistence-api\3.1.0\jakarta.persistence-api-3.1.0.jar;C:\Users\Admin\.m2\repository\jakarta\transaction\jakarta.transaction-api\2.0.1\jakarta.transaction-api-2.0.1.jar;C:\Users\Admin\.m2\repository\org\jboss\logging\jboss-logging\3.6.1.Final\jboss-logging-3.6.1.Final.jar;C:\Users\Admin\.m2\repository\org\hibernate\common\hibernate-commons-annotations\7.0.3.Final\hibernate-c
Launcher Type: SUN_STANDARD

[Global flags]
     intx CICompilerCount                          = 4                                         {product} {ergonomic}
     uint ConcGCThreads                            = 3                                         {product} {ergonomic}
     uint G1ConcRefinementThreads                  = 10                                        {product} {ergonomic}
   size_t G1HeapRegionSize                         = 1048576                                   {product} {ergonomic}
    uintx GCDrainStackTargetSize                   = 64                                        {product} {ergonomic}
   size_t InitialHeapSize                          = 130023424                                 {product} {ergonomic}
   size_t MarkStackSize                            = 4194304                                   {product} {ergonomic}
   size_t MaxHeapSize                              = 2061500416                                {product} {ergonomic}
   size_t MaxNewSize                               = 1236271104                                {product} {ergonomic}
   size_t MinHeapDeltaBytes                        = 1048576                                   {product} {ergonomic}
   size_t MinHeapSize                              = 8388608                                   {product} {ergonomic}
    uintx NonNMethodCodeHeapSize                   = 5839372                                {pd product} {ergonomic}
    uintx NonProfiledCodeHeapSize                  = 122909434                              {pd product} {ergonomic}
    uintx ProfiledCodeHeapSize                     = 122909434                              {pd product} {ergonomic}
    uintx ReservedCodeCacheSize                    = 251658240                              {pd product} {ergonomic}
     bool SegmentedCodeCache                       = true                                      {product} {ergonomic}
   size_t SoftMaxHeapSize                          = 2061500416                             {manageable} {ergonomic}
     bool UseCompressedClassPointers               = true                           {product lp64_product} {ergonomic}
     bool UseCompressedOops                        = true                           {product lp64_product} {ergonomic}
     bool UseG1GC                                  = true                                      {product} {ergonomic}
     bool UseLargePagesIndividualAllocation        = false                                  {pd product} {ergonomic}

Logging:
Log output configuration:
 #0: stdout all=warning uptime,level,tags
 #1: stderr all=off uptime,level,tags

Environment Variables:
JAVA_HOME=C:\Program Files\Java\jdk-23
PATH=C:\Python312\Scripts\;C:\Python312\;C:\Program Files\Common Files\Oracle\Java\javapath;C:\windows\system32;C:\windows;C:\windows\System32\Wbem;C:\windows\System32\WindowsPowerShell\v1.0\;C:\windows\System32\OpenSSH\;C:\Program Files (x86)\mingw-w64\i686-8.1.0-posix-dwarf-rt_v6-rev0\mingw32\bin;C:\MinGW\bin;C:\Program Files\Java\jdk-19\bin;C:\WINDOWS\system32;C:\WINDOWS;C:\WINDOWS\System32\Wbem;C:\WINDOWS\System32\WindowsPowerShell\v1.0\;C:\WINDOWS\System32\OpenSSH\;C:\Java\apache-maven-4.0.0-alpha-5\bin;C:\apache-maven-4.0.0-alpha-5\bin;C:\Program Files (x86)\Microsoft SQL Server\160\Tools\Binn\;C:\Program Files\Microsoft SQL Server\160\Tools\Binn\;C:\Program Files\Microsoft SQL Server\Client SDK\ODBC\170\Tools\Binn\;C:\Program Files\Microsoft SQL Server\160\DTS\Binn\;C:\mongosh-2.1.1-win32-x64\bin;C:\Program Files\MongoDB\Server\7.0\bin;C:\Program Files\MongoDB\Tools\100\bin;C:\Program Files\HP\HP One Agent;C:\Users\Admin\AppData\Roaming\nvm;C:\Program Files\nodejs;C:\ProgramData\chocolatey\bin;C:\Program Files\Java\jdk-23\bin;H:\gradle-8.2.1\bin;H:\gradle-8.12\bin;C:\Program Files\Git\cmd;C:\Program Files\Git\bin;C:\WINDOWS\system32;C:\WINDOWS;C:\WINDOWS\System32\Wbem;C:\WINDOWS\System32\WindowsPowerShell\v1.0\;C:\WINDOWS\System32\OpenSSH\;D:\OllamaSetup.exe;C:\Program Files\Docker\Docker\resources\bin;C:\Program Files\Microsoft SQL Server\150\Tools\Binn\;C:\Program Files\dotnet\;C:\Users\Admin\apache-maven-3.9.11\bin;C:\Program Files\Microsoft SQL Server\170\Tools\Binn\;C:\Users\Admin\scoop\shims;C:\Users\Admin\anaconda3;C:\Users\Admin\anaconda3\Library\mingw-w64\bin;C:\Users\Admin\anaconda3\Library\usr\bin;C:\Users\Admin\anaconda3\Library\bin;C:\Users\Admin\anaconda3\Scripts;C:\Users\Admin\AppData\Local\Microsoft\WindowsApps;C:\msys64\mingw64\bin;C:\Program Files\JetBrains\PyCharm 2022.2.3\bin;;C:\Program Files\Java\jdk-23\bin;C:\Users\Admin\AppData\Local\Programs\Hyper\resources\bin;C:\Program Files\Azure Data Studio\bin;C:\Users\Admin\AppData\Local\GitHubDes
USERNAME=Admin
OS=Windows_NT
PROCESSOR_IDENTIFIER=Intel64 Family 6 Model 154 Stepping 4, GenuineIntel



---------------  S Y S T E M  ---------------

OS:
 Windows 11 , 64 bit Build 26100 (10.0.26100.7623)
OS uptime: 1 days 4:50 hours
Hyper-V role detected

CPU: total 12 (initial active 12) (6 cores per cpu, 2 threads per core) family 6 model 154 stepping 4 microcode 0x42c, cx8, cmov, fxsr, ht, mmx, 3dnowpref, sse, sse2, sse3, ssse3, sse4.1, sse4.2, popcnt, lzcnt, tsc, tscinvbit, avx, avx2, aes, erms, clmul, bmi1, bmi2, adx, sha, fma, vzeroupper, clflush, clflushopt, clwb, hv

Memory: 4k page, system-wide physical 7860M (724M free)
TotalPageFile size 32436M (AvailPageFile size 255M)
current process WorkingSet (physical memory assigned to process): 188M, peak: 189M
current process commit charge ("private bytes"): 241M, peak: 278M

vm_info: Java HotSpot(TM) 64-Bit Server VM (17.0.12+8-LTS-286) for windows-amd64 JRE (17.0.12+8-LTS-286), built on Jun  5 2024 06:46:59 by "mach5one" with MS VC++ 17.6 (VS2022)

END.
